// Jest Snapshot v1, https://goo.gl/fbAQLP

exports[`Profile2 renders correctly 1`] = `
<RCTSafeAreaView
  style={
    {
      "alignItems": "center",
      "backgroundColor": "#f5faff",
      "flex": 1,
      "gap": 20,
      "justifyContent": "center",
    }
  }
>
  <View
    style={
      {
        "backgroundColor": "#203d61",
        "bottom": 600,
        "left": 0,
        "position": "absolute",
        "right": 0,
        "top": -70,
      }
    }
  >
    <Image
      source={1}
      style={
        {
          "marginTop": 1,
          "resizeMode": "contain",
          "width": "100%",
        }
      }
    />
  </View>
  <Text
    style={
      {
        "fontSize": 16,
        "paddingTop": "50%",
      }
    }
  >
    Log in to view your profile information.
  </Text>
  <TextInput
    onChangeText={[Function]}
    placeholder="Username"
    style={
      {
        "alignItems": "center",
        "backgroundColor": "#ffffff",
        "borderColor": "#203d61",
        "borderRadius": 25,
        "borderWidth": 1,
        "elevation": 5,
        "height": "6%",
        "marginHorizontal": 10,
        "marginTop": 10,
        "overflow": "hidden",
        "paddingHorizontal": 30,
        "paddingVertical": 8,
        "shadowColor": "#000",
        "shadowOffset": {
          "height": 2,
          "width": 0,
        },
        "shadowOpacity": 0.25,
        "shadowRadius": 3.84,
        "width": "85%",
      }
    }
  />
  <TextInput
    onChangeText={[Function]}
    placeholder="Password"
    style={
      {
        "alignItems": "center",
        "backgroundColor": "#ffffff",
        "borderColor": "#203d61",
        "borderRadius": 25,
        "borderWidth": 1,
        "elevation": 5,
        "height": "6%",
        "marginHorizontal": 10,
        "marginTop": 10,
        "overflow": "hidden",
        "paddingHorizontal": 30,
        "paddingVertical": 8,
        "shadowColor": "#000",
        "shadowOffset": {
          "height": 2,
          "width": 0,
        },
        "shadowOpacity": 0.25,
        "shadowRadius": 3.84,
        "width": "85%",
      }
    }
  />
  <View
    accessibilityState={
      {
        "busy": undefined,
        "checked": undefined,
        "disabled": undefined,
        "expanded": undefined,
        "selected": undefined,
      }
    }
    accessibilityValue={
      {
        "max": undefined,
        "min": undefined,
        "now": undefined,
        "text": undefined,
      }
    }
    accessible={true}
    collapsable={false}
    focusable={true}
    onBlur={[Function]}
    onClick={[Function]}
    onFocus={[Function]}
    onResponderGrant={[Function]}
    onResponderMove={[Function]}
    onResponderRelease={[Function]}
    onResponderTerminate={[Function]}
    onResponderTerminationRequest={[Function]}
    onStartShouldSetResponder={[Function]}
    style={
      {
        "backgroundColor": "#1b3763",
        "borderRadius": 50,
        "color": "#ffffff",
        "padding": 22,
        "textAlign": "center",
        "width": "60%",
      }
    }
  >
    <Text
      style={
        {
          "color": "#ffffff",
          "fontFamily": "jbm",
          "fontSize": 18,
          "textAlign": "center",
        }
      }
    >
      Log In
    </Text>
  </View>
  <View
    accessibilityState={
      {
        "busy": undefined,
        "checked": undefined,
        "disabled": undefined,
        "expanded": undefined,
        "selected": undefined,
      }
    }
    accessibilityValue={
      {
        "max": undefined,
        "min": undefined,
        "now": undefined,
        "text": undefined,
      }
    }
    accessible={true}
    collapsable={false}
    focusable={true}
    onBlur={[Function]}
    onClick={[Function]}
    onFocus={[Function]}
    onResponderGrant={[Function]}
    onResponderMove={[Function]}
    onResponderRelease={[Function]}
    onResponderTerminate={[Function]}
    onResponderTerminationRequest={[Function]}
    onStartShouldSetResponder={[Function]}
    style={
      {
        "backgroundColor": "rgba(32, 61, 97, 0.5)",
        "borderRadius": 50,
        "color": "#ffffff",
        "marginTop": 0,
        "padding": 22,
        "textAlign": "center",
        "width": "60%",
      }
    }
  >
    <Text
      style={
        {
          "color": "#ffffff",
          "fontFamily": "jbm",
          "fontSize": 18,
          "textAlign": "center",
        }
      }
    >
      Create an Account
    </Text>
  </View>
  <Text
    style={{}}
  >
    Forgot your password?
  </Text>
  <View
    accessibilityState={
      {
        "busy": undefined,
        "checked": undefined,
        "disabled": undefined,
        "expanded": undefined,
        "selected": undefined,
      }
    }
    accessibilityValue={
      {
        "max": undefined,
        "min": undefined,
        "now": undefined,
        "text": undefined,
      }
    }
    accessible={true}
    collapsable={false}
    focusable={true}
    onBlur={[Function]}
    onClick={[Function]}
    onFocus={[Function]}
    onResponderGrant={[Function]}
    onResponderMove={[Function]}
    onResponderRelease={[Function]}
    onResponderTerminate={[Function]}
    onResponderTerminationRequest={[Function]}
    onStartShouldSetResponder={[Function]}
  >
    <Text
      style={
        {
          "color": "#2069bd",
        }
      }
    >
      Click here.
    </Text>
  </View>
</RCTSafeAreaView>
`;
